// Jest Snapshot v1, https://goo.gl/fbAQLP

exports[`Game Test should render  Game 1`] = `
Array [
  <View
    style={
      Array [
        Object {
          "display": "flex",
          "flexDirection": "row",
          "justifyContent": "space-between",
          "paddingBottom": 16,
          "paddingLeft": 16,
          "paddingRight": 16,
          "paddingTop": 16,
        },
      ]
    }
  >
    <View
      accessible={true}
      collapsable={false}
      focusable={true}
      onBlur={[Function]}
      onClick={[Function]}
      onFocus={[Function]}
      onResponderGrant={[Function]}
      onResponderMove={[Function]}
      onResponderRelease={[Function]}
      onResponderTerminate={[Function]}
      onResponderTerminationRequest={[Function]}
      onStartShouldSetResponder={[Function]}
    >
      <Text
        style={
          Array [
            Object {
              "color": "blue",
              "fontSize": 20,
            },
          ]
        }
      >
        Restart
      </Text>
    </View>
    <Text
      style={
        Array [
          Object {
            "color": "white",
            "fontSize": 30,
          },
        ]
      }
    >
      STEPS:
      <Text
        style={
          Array [
            Object {
              "color": "deepskyblue",
              "fontSize": 40,
            },
          ]
        }
        testID="stepCounter"
      >
        0
      </Text>
       
    </Text>
  </View>,
  <View
    style={
      Array [
        Object {
          "flexDirection": "row",
          "flexWrap": "wrap",
        },
      ]
    }
  >
    <View
      accessible={true}
      collapsable={false}
      focusable={true}
      isOpen={false}
      onBlur={[Function]}
      onClick={[Function]}
      onFocus={[Function]}
      onResponderGrant={[Function]}
      onResponderMove={[Function]}
      onResponderRelease={[Function]}
      onResponderTerminate={[Function]}
      onResponderTerminationRequest={[Function]}
      onStartShouldSetResponder={[Function]}
      style={
        Array [
          Object {
            "alignItems": "center",
            "backgroundColor": "deepskyblue",
            "borderColor": "white",
            "borderStyle": "solid",
            "borderWidth": 4,
            "height": 140,
            "justifyContent": "center",
            "marginBottom": 10,
            "marginLeft": 10,
            "marginRight": 10,
            "marginTop": 10,
            "width": "27%",
          },
        ]
      }
      testID="card-0"
    >
      <Text
        isOpen={false}
        style={
          Array [
            Object {
              "color": "white",
              "fontSize": 30,
            },
          ]
        }
        testID="card-content-0"
      >
        ?
      </Text>
    </View>
    <View
      accessible={true}
      collapsable={false}
      focusable={true}
      isOpen={false}
      onBlur={[Function]}
      onClick={[Function]}
      onFocus={[Function]}
      onResponderGrant={[Function]}
      onResponderMove={[Function]}
      onResponderRelease={[Function]}
      onResponderTerminate={[Function]}
      onResponderTerminationRequest={[Function]}
      onStartShouldSetResponder={[Function]}
      style={
        Array [
          Object {
            "alignItems": "center",
            "backgroundColor": "deepskyblue",
            "borderColor": "white",
            "borderStyle": "solid",
            "borderWidth": 4,
            "height": 140,
            "justifyContent": "center",
            "marginBottom": 10,
            "marginLeft": 10,
            "marginRight": 10,
            "marginTop": 10,
            "width": "27%",
          },
        ]
      }
      testID="card-1"
    >
      <Text
        isOpen={false}
        style={
          Array [
            Object {
              "color": "white",
              "fontSize": 30,
            },
          ]
        }
        testID="card-content-1"
      >
        ?
      </Text>
    </View>
    <View
      accessible={true}
      collapsable={false}
      focusable={true}
      isOpen={false}
      onBlur={[Function]}
      onClick={[Function]}
      onFocus={[Function]}
      onResponderGrant={[Function]}
      onResponderMove={[Function]}
      onResponderRelease={[Function]}
      onResponderTerminate={[Function]}
      onResponderTerminationRequest={[Function]}
      onStartShouldSetResponder={[Function]}
      style={
        Array [
          Object {
            "alignItems": "center",
            "backgroundColor": "deepskyblue",
            "borderColor": "white",
            "borderStyle": "solid",
            "borderWidth": 4,
            "height": 140,
            "justifyContent": "center",
            "marginBottom": 10,
            "marginLeft": 10,
            "marginRight": 10,
            "marginTop": 10,
            "width": "27%",
          },
        ]
      }
      testID="card-2"
    >
      <Text
        isOpen={false}
        style={
          Array [
            Object {
              "color": "white",
              "fontSize": 30,
            },
          ]
        }
        testID="card-content-2"
      >
        ?
      </Text>
    </View>
    <View
      accessible={true}
      collapsable={false}
      focusable={true}
      isOpen={false}
      onBlur={[Function]}
      onClick={[Function]}
      onFocus={[Function]}
      onResponderGrant={[Function]}
      onResponderMove={[Function]}
      onResponderRelease={[Function]}
      onResponderTerminate={[Function]}
      onResponderTerminationRequest={[Function]}
      onStartShouldSetResponder={[Function]}
      style={
        Array [
          Object {
            "alignItems": "center",
            "backgroundColor": "deepskyblue",
            "borderColor": "white",
            "borderStyle": "solid",
            "borderWidth": 4,
            "height": 140,
            "justifyContent": "center",
            "marginBottom": 10,
            "marginLeft": 10,
            "marginRight": 10,
            "marginTop": 10,
            "width": "27%",
          },
        ]
      }
      testID="card-3"
    >
      <Text
        isOpen={false}
        style={
          Array [
            Object {
              "color": "white",
              "fontSize": 30,
            },
          ]
        }
        testID="card-content-3"
      >
        ?
      </Text>
    </View>
    <View
      accessible={true}
      collapsable={false}
      focusable={true}
      isOpen={false}
      onBlur={[Function]}
      onClick={[Function]}
      onFocus={[Function]}
      onResponderGrant={[Function]}
      onResponderMove={[Function]}
      onResponderRelease={[Function]}
      onResponderTerminate={[Function]}
      onResponderTerminationRequest={[Function]}
      onStartShouldSetResponder={[Function]}
      style={
        Array [
          Object {
            "alignItems": "center",
            "backgroundColor": "deepskyblue",
            "borderColor": "white",
            "borderStyle": "solid",
            "borderWidth": 4,
            "height": 140,
            "justifyContent": "center",
            "marginBottom": 10,
            "marginLeft": 10,
            "marginRight": 10,
            "marginTop": 10,
            "width": "27%",
          },
        ]
      }
      testID="card-4"
    >
      <Text
        isOpen={false}
        style={
          Array [
            Object {
              "color": "white",
              "fontSize": 30,
            },
          ]
        }
        testID="card-content-4"
      >
        ?
      </Text>
    </View>
    <View
      accessible={true}
      collapsable={false}
      focusable={true}
      isOpen={false}
      onBlur={[Function]}
      onClick={[Function]}
      onFocus={[Function]}
      onResponderGrant={[Function]}
      onResponderMove={[Function]}
      onResponderRelease={[Function]}
      onResponderTerminate={[Function]}
      onResponderTerminationRequest={[Function]}
      onStartShouldSetResponder={[Function]}
      style={
        Array [
          Object {
            "alignItems": "center",
            "backgroundColor": "deepskyblue",
            "borderColor": "white",
            "borderStyle": "solid",
            "borderWidth": 4,
            "height": 140,
            "justifyContent": "center",
            "marginBottom": 10,
            "marginLeft": 10,
            "marginRight": 10,
            "marginTop": 10,
            "width": "27%",
          },
        ]
      }
      testID="card-5"
    >
      <Text
        isOpen={false}
        style={
          Array [
            Object {
              "color": "white",
              "fontSize": 30,
            },
          ]
        }
        testID="card-content-5"
      >
        ?
      </Text>
    </View>
    <View
      accessible={true}
      collapsable={false}
      focusable={true}
      isOpen={false}
      onBlur={[Function]}
      onClick={[Function]}
      onFocus={[Function]}
      onResponderGrant={[Function]}
      onResponderMove={[Function]}
      onResponderRelease={[Function]}
      onResponderTerminate={[Function]}
      onResponderTerminationRequest={[Function]}
      onStartShouldSetResponder={[Function]}
      style={
        Array [
          Object {
            "alignItems": "center",
            "backgroundColor": "deepskyblue",
            "borderColor": "white",
            "borderStyle": "solid",
            "borderWidth": 4,
            "height": 140,
            "justifyContent": "center",
            "marginBottom": 10,
            "marginLeft": 10,
            "marginRight": 10,
            "marginTop": 10,
            "width": "27%",
          },
        ]
      }
      testID="card-6"
    >
      <Text
        isOpen={false}
        style={
          Array [
            Object {
              "color": "white",
              "fontSize": 30,
            },
          ]
        }
        testID="card-content-6"
      >
        ?
      </Text>
    </View>
    <View
      accessible={true}
      collapsable={false}
      focusable={true}
      isOpen={false}
      onBlur={[Function]}
      onClick={[Function]}
      onFocus={[Function]}
      onResponderGrant={[Function]}
      onResponderMove={[Function]}
      onResponderRelease={[Function]}
      onResponderTerminate={[Function]}
      onResponderTerminationRequest={[Function]}
      onStartShouldSetResponder={[Function]}
      style={
        Array [
          Object {
            "alignItems": "center",
            "backgroundColor": "deepskyblue",
            "borderColor": "white",
            "borderStyle": "solid",
            "borderWidth": 4,
            "height": 140,
            "justifyContent": "center",
            "marginBottom": 10,
            "marginLeft": 10,
            "marginRight": 10,
            "marginTop": 10,
            "width": "27%",
          },
        ]
      }
      testID="card-7"
    >
      <Text
        isOpen={false}
        style={
          Array [
            Object {
              "color": "white",
              "fontSize": 30,
            },
          ]
        }
        testID="card-content-7"
      >
        ?
      </Text>
    </View>
    <View
      accessible={true}
      collapsable={false}
      focusable={true}
      isOpen={false}
      onBlur={[Function]}
      onClick={[Function]}
      onFocus={[Function]}
      onResponderGrant={[Function]}
      onResponderMove={[Function]}
      onResponderRelease={[Function]}
      onResponderTerminate={[Function]}
      onResponderTerminationRequest={[Function]}
      onStartShouldSetResponder={[Function]}
      style={
        Array [
          Object {
            "alignItems": "center",
            "backgroundColor": "deepskyblue",
            "borderColor": "white",
            "borderStyle": "solid",
            "borderWidth": 4,
            "height": 140,
            "justifyContent": "center",
            "marginBottom": 10,
            "marginLeft": 10,
            "marginRight": 10,
            "marginTop": 10,
            "width": "27%",
          },
        ]
      }
      testID="card-8"
    >
      <Text
        isOpen={false}
        style={
          Array [
            Object {
              "color": "white",
              "fontSize": 30,
            },
          ]
        }
        testID="card-content-8"
      >
        ?
      </Text>
    </View>
    <View
      accessible={true}
      collapsable={false}
      focusable={true}
      isOpen={false}
      onBlur={[Function]}
      onClick={[Function]}
      onFocus={[Function]}
      onResponderGrant={[Function]}
      onResponderMove={[Function]}
      onResponderRelease={[Function]}
      onResponderTerminate={[Function]}
      onResponderTerminationRequest={[Function]}
      onStartShouldSetResponder={[Function]}
      style={
        Array [
          Object {
            "alignItems": "center",
            "backgroundColor": "deepskyblue",
            "borderColor": "white",
            "borderStyle": "solid",
            "borderWidth": 4,
            "height": 140,
            "justifyContent": "center",
            "marginBottom": 10,
            "marginLeft": 10,
            "marginRight": 10,
            "marginTop": 10,
            "width": "27%",
          },
        ]
      }
      testID="card-9"
    >
      <Text
        isOpen={false}
        style={
          Array [
            Object {
              "color": "white",
              "fontSize": 30,
            },
          ]
        }
        testID="card-content-9"
      >
        ?
      </Text>
    </View>
    <View
      accessible={true}
      collapsable={false}
      focusable={true}
      isOpen={false}
      onBlur={[Function]}
      onClick={[Function]}
      onFocus={[Function]}
      onResponderGrant={[Function]}
      onResponderMove={[Function]}
      onResponderRelease={[Function]}
      onResponderTerminate={[Function]}
      onResponderTerminationRequest={[Function]}
      onStartShouldSetResponder={[Function]}
      style={
        Array [
          Object {
            "alignItems": "center",
            "backgroundColor": "deepskyblue",
            "borderColor": "white",
            "borderStyle": "solid",
            "borderWidth": 4,
            "height": 140,
            "justifyContent": "center",
            "marginBottom": 10,
            "marginLeft": 10,
            "marginRight": 10,
            "marginTop": 10,
            "width": "27%",
          },
        ]
      }
      testID="card-10"
    >
      <Text
        isOpen={false}
        style={
          Array [
            Object {
              "color": "white",
              "fontSize": 30,
            },
          ]
        }
        testID="card-content-10"
      >
        ?
      </Text>
    </View>
    <View
      accessible={true}
      collapsable={false}
      focusable={true}
      isOpen={false}
      onBlur={[Function]}
      onClick={[Function]}
      onFocus={[Function]}
      onResponderGrant={[Function]}
      onResponderMove={[Function]}
      onResponderRelease={[Function]}
      onResponderTerminate={[Function]}
      onResponderTerminationRequest={[Function]}
      onStartShouldSetResponder={[Function]}
      style={
        Array [
          Object {
            "alignItems": "center",
            "backgroundColor": "deepskyblue",
            "borderColor": "white",
            "borderStyle": "solid",
            "borderWidth": 4,
            "height": 140,
            "justifyContent": "center",
            "marginBottom": 10,
            "marginLeft": 10,
            "marginRight": 10,
            "marginTop": 10,
            "width": "27%",
          },
        ]
      }
      testID="card-11"
    >
      <Text
        isOpen={false}
        style={
          Array [
            Object {
              "color": "white",
              "fontSize": 30,
            },
          ]
        }
        testID="card-content-11"
      >
        ?
      </Text>
    </View>
  </View>,
]
`;
